Archive member included because of file (symbol)

d:/esd/material/avr/imt_sdk_win_64/imt_sdk_win_64/winavr/bin/../lib/gcc/avr/4.3.3/avr5\libgcc.a(_mulsi3.o)
                              ./main.o (__mulsi3)
d:/esd/material/avr/imt_sdk_win_64/imt_sdk_win_64/winavr/bin/../lib/gcc/avr/4.3.3/avr5\libgcc.a(_exit.o)
                              d:/esd/material/avr/imt_sdk_win_64/imt_sdk_win_64/winavr/bin/../lib/gcc/avr/4.3.3/../../../../avr/lib/avr5/crtm32.o (exit)
d:/esd/material/avr/imt_sdk_win_64/imt_sdk_win_64/winavr/bin/../lib/gcc/avr/4.3.3/avr5\libgcc.a(_copy_data.o)
                              ./RTOS/tasks.o (__do_copy_data)
d:/esd/material/avr/imt_sdk_win_64/imt_sdk_win_64/winavr/bin/../lib/gcc/avr/4.3.3/avr5\libgcc.a(_clear_bss.o)
                              ./RTOS/croutine.o (__do_clear_bss)
d:/esd/material/avr/imt_sdk_win_64/imt_sdk_win_64/winavr/bin/../lib/gcc/avr/4.3.3/avr5\libgcc.a(_fixunssfsi.o)
                              ./HAL/CLCD1602/CLCD_PROGRAM.o (__fixunssfsi)
d:/esd/material/avr/imt_sdk_win_64/imt_sdk_win_64/winavr/bin/../lib/gcc/avr/4.3.3/avr5\libgcc.a(_addsub_sf.o)
                              d:/esd/material/avr/imt_sdk_win_64/imt_sdk_win_64/winavr/bin/../lib/gcc/avr/4.3.3/avr5\libgcc.a(_fixunssfsi.o) (__subsf3)
d:/esd/material/avr/imt_sdk_win_64/imt_sdk_win_64/winavr/bin/../lib/gcc/avr/4.3.3/avr5\libgcc.a(_mul_sf.o)
                              ./HAL/CLCD1602/CLCD_PROGRAM.o (__mulsf3)
d:/esd/material/avr/imt_sdk_win_64/imt_sdk_win_64/winavr/bin/../lib/gcc/avr/4.3.3/avr5\libgcc.a(_gt_sf.o)
                              ./HAL/CLCD1602/CLCD_PROGRAM.o (__gtsf2)
d:/esd/material/avr/imt_sdk_win_64/imt_sdk_win_64/winavr/bin/../lib/gcc/avr/4.3.3/avr5\libgcc.a(_ge_sf.o)
                              d:/esd/material/avr/imt_sdk_win_64/imt_sdk_win_64/winavr/bin/../lib/gcc/avr/4.3.3/avr5\libgcc.a(_fixunssfsi.o) (__gesf2)
d:/esd/material/avr/imt_sdk_win_64/imt_sdk_win_64/winavr/bin/../lib/gcc/avr/4.3.3/avr5\libgcc.a(_lt_sf.o)
                              ./HAL/CLCD1602/CLCD_PROGRAM.o (__ltsf2)
d:/esd/material/avr/imt_sdk_win_64/imt_sdk_win_64/winavr/bin/../lib/gcc/avr/4.3.3/avr5\libgcc.a(_si_to_sf.o)
                              ./main.o (__floatsisf)
d:/esd/material/avr/imt_sdk_win_64/imt_sdk_win_64/winavr/bin/../lib/gcc/avr/4.3.3/avr5\libgcc.a(_sf_to_si.o)
                              d:/esd/material/avr/imt_sdk_win_64/imt_sdk_win_64/winavr/bin/../lib/gcc/avr/4.3.3/avr5\libgcc.a(_fixunssfsi.o) (__fixsfsi)
d:/esd/material/avr/imt_sdk_win_64/imt_sdk_win_64/winavr/bin/../lib/gcc/avr/4.3.3/avr5\libgcc.a(_thenan_sf.o)
                              d:/esd/material/avr/imt_sdk_win_64/imt_sdk_win_64/winavr/bin/../lib/gcc/avr/4.3.3/avr5\libgcc.a(_addsub_sf.o) (__thenan_sf)
d:/esd/material/avr/imt_sdk_win_64/imt_sdk_win_64/winavr/bin/../lib/gcc/avr/4.3.3/avr5\libgcc.a(_usi_to_sf.o)
                              ./HAL/Buzzer/BUZZER_PROGRAM.o (__floatunsisf)
d:/esd/material/avr/imt_sdk_win_64/imt_sdk_win_64/winavr/bin/../lib/gcc/avr/4.3.3/avr5\libgcc.a(_prologue.o)
                              d:/esd/material/avr/imt_sdk_win_64/imt_sdk_win_64/winavr/bin/../lib/gcc/avr/4.3.3/avr5\libgcc.a(_addsub_sf.o) (__prologue_saves__)
d:/esd/material/avr/imt_sdk_win_64/imt_sdk_win_64/winavr/bin/../lib/gcc/avr/4.3.3/avr5\libgcc.a(_epilogue.o)
                              d:/esd/material/avr/imt_sdk_win_64/imt_sdk_win_64/winavr/bin/../lib/gcc/avr/4.3.3/avr5\libgcc.a(_addsub_sf.o) (__epilogue_restores__)
d:/esd/material/avr/imt_sdk_win_64/imt_sdk_win_64/winavr/bin/../lib/gcc/avr/4.3.3/avr5\libgcc.a(_clzsi2.o)
                              d:/esd/material/avr/imt_sdk_win_64/imt_sdk_win_64/winavr/bin/../lib/gcc/avr/4.3.3/avr5\libgcc.a(_si_to_sf.o) (__clzsi2)
d:/esd/material/avr/imt_sdk_win_64/imt_sdk_win_64/winavr/bin/../lib/gcc/avr/4.3.3/avr5\libgcc.a(_pack_sf.o)
                              d:/esd/material/avr/imt_sdk_win_64/imt_sdk_win_64/winavr/bin/../lib/gcc/avr/4.3.3/avr5\libgcc.a(_addsub_sf.o) (__pack_f)
d:/esd/material/avr/imt_sdk_win_64/imt_sdk_win_64/winavr/bin/../lib/gcc/avr/4.3.3/avr5\libgcc.a(_unpack_sf.o)
                              d:/esd/material/avr/imt_sdk_win_64/imt_sdk_win_64/winavr/bin/../lib/gcc/avr/4.3.3/avr5\libgcc.a(_addsub_sf.o) (__unpack_f)
d:/esd/material/avr/imt_sdk_win_64/imt_sdk_win_64/winavr/bin/../lib/gcc/avr/4.3.3/avr5\libgcc.a(_fpcmp_parts_sf.o)
                              d:/esd/material/avr/imt_sdk_win_64/imt_sdk_win_64/winavr/bin/../lib/gcc/avr/4.3.3/avr5\libgcc.a(_gt_sf.o) (__fpcmp_parts_f)
d:/esd/material/avr/imt_sdk_win_64/imt_sdk_win_64/winavr/bin/../lib/gcc/avr/4.3.3/avr5\libgcc.a(_clz.o)
                              d:/esd/material/avr/imt_sdk_win_64/imt_sdk_win_64/winavr/bin/../lib/gcc/avr/4.3.3/avr5\libgcc.a(_clzsi2.o) (__clz_tab)
d:/esd/material/avr/imt_sdk_win_64/imt_sdk_win_64/winavr/bin/../lib/gcc/avr/4.3.3/../../../../avr/lib/avr5\libc.a(memcpy.o)
                              ./RTOS/queue.o (memcpy)
d:/esd/material/avr/imt_sdk_win_64/imt_sdk_win_64/winavr/bin/../lib/gcc/avr/4.3.3/../../../../avr/lib/avr5\libc.a(memset.o)
                              ./RTOS/tasks.o (memset)
d:/esd/material/avr/imt_sdk_win_64/imt_sdk_win_64/winavr/bin/../lib/gcc/avr/4.3.3/../../../../avr/lib/avr5\libc.a(strcmp.o)
                              ./main.o (strcmp)
d:/esd/material/avr/imt_sdk_win_64/imt_sdk_win_64/winavr/bin/../lib/gcc/avr/4.3.3/../../../../avr/lib/avr5\libc.a(strncpy.o)
                              ./RTOS/tasks.o (strncpy)
d:/esd/material/avr/imt_sdk_win_64/imt_sdk_win_64/winavr/bin/../lib/gcc/avr/4.3.3/../../../../avr/lib/avr5\libc.a(itoa.o)
                              ./HAL/CLCD1602/CLCD_PROGRAM.o (itoa)
d:/esd/material/avr/imt_sdk_win_64/imt_sdk_win_64/winavr/bin/../lib/gcc/avr/4.3.3/../../../../avr/lib/avr5\libc.a(strrev.o)
                              d:/esd/material/avr/imt_sdk_win_64/imt_sdk_win_64/winavr/bin/../lib/gcc/avr/4.3.3/../../../../avr/lib/avr5\libc.a(itoa.o) (strrev)
d:/esd/material/avr/imt_sdk_win_64/imt_sdk_win_64/winavr/bin/../lib/gcc/avr/4.3.3/avr5\libgcc.a(_udivmodhi4.o)
                              d:/esd/material/avr/imt_sdk_win_64/imt_sdk_win_64/winavr/bin/../lib/gcc/avr/4.3.3/../../../../avr/lib/avr5\libc.a(itoa.o) (__udivmodhi4)

Memory Configuration

Name             Origin             Length             Attributes
text             0x00000000         0x00020000         xr
data             0x00800060         0x0000ffa0         rw !x
eeprom           0x00810000         0x00010000         rw !x
fuse             0x00820000         0x00000400         rw !x
lock             0x00830000         0x00000400         rw !x
signature        0x00840000         0x00000400         rw !x
*default*        0x00000000         0xffffffff

Linker script and memory map

LOAD d:/esd/material/avr/imt_sdk_win_64/imt_sdk_win_64/winavr/bin/../lib/gcc/avr/4.3.3/../../../../avr/lib/avr5/crtm32.o
LOAD ./RTOS/croutine.o
LOAD ./RTOS/heap_1.o
LOAD ./RTOS/list.o
LOAD ./RTOS/port.o
LOAD ./RTOS/queue.o
LOAD ./RTOS/tasks.o
LOAD ./RTOS/timers.o
LOAD ./MCAL/UART/UART_PROGRAM.o
LOAD ./MCAL/Timer/TIMER_PROGRAM.o
LOAD ./MCAL/SPI/SPI_PROGRAM.o
LOAD ./MCAL/GIE/GIE_PROGRAM.o
LOAD ./MCAL/EXTI/EXT_INTERRUPT_PROGRAM.o
LOAD ./MCAL/DIO/DIO_PROGRAM.o
LOAD ./MCAL/ADC/ADC_PROGRAM.o
LOAD ./HAL/SHIFT_REGISTER/SHIFT_REGISTER_PROGRAM.o
LOAD ./HAL/DC_Motor/DCMOTOR_PROGRAM.o
LOAD ./HAL/CLCD1602/CLCD_PROGRAM.o
LOAD ./HAL/Buzzer/BUZZER_PROGRAM.o
LOAD ./main.o
LOAD d:/esd/material/avr/imt_sdk_win_64/imt_sdk_win_64/winavr/bin/../lib/gcc/avr/4.3.3/avr5\libgcc.a
LOAD d:/esd/material/avr/imt_sdk_win_64/imt_sdk_win_64/winavr/bin/../lib/gcc/avr/4.3.3/../../../../avr/lib/avr5\libc.a
LOAD d:/esd/material/avr/imt_sdk_win_64/imt_sdk_win_64/winavr/bin/../lib/gcc/avr/4.3.3/avr5\libgcc.a

.hash
 *(.hash)

.dynsym
 *(.dynsym)

.dynstr
 *(.dynstr)

.gnu.version
 *(.gnu.version)

.gnu.version_d
 *(.gnu.version_d)

.gnu.version_r
 *(.gnu.version_r)

.rel.init
 *(.rel.init)

.rela.init
 *(.rela.init)

.rel.text
 *(.rel.text)
 *(.rel.text.*)
 *(.rel.gnu.linkonce.t*)

.rela.text
 *(.rela.text)
 *(.rela.text.*)
 *(.rela.gnu.linkonce.t*)

.rel.fini
 *(.rel.fini)

.rela.fini
 *(.rela.fini)

.rel.rodata
 *(.rel.rodata)
 *(.rel.rodata.*)
 *(.rel.gnu.linkonce.r*)

.rela.rodata
 *(.rela.rodata)
 *(.rela.rodata.*)
 *(.rela.gnu.linkonce.r*)

.rel.data
 *(.rel.data)
 *(.rel.data.*)
 *(.rel.gnu.linkonce.d*)

.rela.data
 *(.rela.data)
 *(.rela.data.*)
 *(.rela.gnu.linkonce.d*)

.rel.ctors
 *(.rel.ctors)

.rela.ctors
 *(.rela.ctors)

.rel.dtors
 *(.rel.dtors)

.rela.dtors
 *(.rela.dtors)

.rel.got
 *(.rel.got)

.rela.got
 *(.rela.got)

.rel.bss
 *(.rel.bss)

.rela.bss
 *(.rela.bss)

.rel.plt
 *(.rel.plt)

.rela.plt
 *(.rela.plt)

.text           0x00000000     0x6148
 *(.vectors)
 .vectors       0x00000000       0x54 d:/esd/material/avr/imt_sdk_win_64/imt_sdk_win_64/winavr/bin/../lib/gcc/avr/4.3.3/../../../../avr/lib/avr5/crtm32.o
                0x00000000                __vectors
                0x00000000                __vector_default
 *(.vectors)
 *(.progmem.gcc*)
 *(.progmem*)
                0x00000054                . = ALIGN (0x2)
                0x00000054                __trampolines_start = .
 *(.trampolines)
 .trampolines   0x00000054        0x0 linker stubs
 *(.trampolines*)
                0x00000054                __trampolines_end = .
 *(.jumptables)
 *(.jumptables*)
 *(.lowtext)
 *(.lowtext*)
                0x00000054                __ctors_start = .
 *(.ctors)
                0x00000054                __ctors_end = .
                0x00000054                __dtors_start = .
 *(.dtors)
                0x00000054                __dtors_end = .
 SORT(*)(.ctors)
 SORT(*)(.dtors)
 *(.init0)
 .init0         0x00000054        0x0 d:/esd/material/avr/imt_sdk_win_64/imt_sdk_win_64/winavr/bin/../lib/gcc/avr/4.3.3/../../../../avr/lib/avr5/crtm32.o
                0x00000054                __init
 *(.init0)
 *(.init1)
 *(.init1)
 *(.init2)
 .init2         0x00000054        0xc d:/esd/material/avr/imt_sdk_win_64/imt_sdk_win_64/winavr/bin/../lib/gcc/avr/4.3.3/../../../../avr/lib/avr5/crtm32.o
 *(.init2)
 *(.init3)
 *(.init3)
 *(.init4)
 .init4         0x00000060       0x16 d:/esd/material/avr/imt_sdk_win_64/imt_sdk_win_64/winavr/bin/../lib/gcc/avr/4.3.3/avr5\libgcc.a(_copy_data.o)
                0x00000060                __do_copy_data
 .init4         0x00000076       0x10 d:/esd/material/avr/imt_sdk_win_64/imt_sdk_win_64/winavr/bin/../lib/gcc/avr/4.3.3/avr5\libgcc.a(_clear_bss.o)
                0x00000076                __do_clear_bss
 *(.init4)
 *(.init5)
 *(.init5)
 *(.init6)
 *(.init6)
 *(.init7)
 *(.init7)
 *(.init8)
 *(.init8)
 *(.init9)
 .init9         0x00000086        0x8 d:/esd/material/avr/imt_sdk_win_64/imt_sdk_win_64/winavr/bin/../lib/gcc/avr/4.3.3/../../../../avr/lib/avr5/crtm32.o
 *(.init9)
 *(.text)
 .text          0x0000008e        0x4 d:/esd/material/avr/imt_sdk_win_64/imt_sdk_win_64/winavr/bin/../lib/gcc/avr/4.3.3/../../../../avr/lib/avr5/crtm32.o
                0x0000008e                __vector_12
                0x0000008e                __bad_interrupt
                0x0000008e                __vector_6
                0x0000008e                __vector_3
                0x0000008e                __vector_11
                0x0000008e                __vector_13
                0x0000008e                __vector_17
                0x0000008e                __vector_19
                0x0000008e                __vector_5
                0x0000008e                __vector_4
                0x0000008e                __vector_9
                0x0000008e                __vector_15
                0x0000008e                __vector_8
                0x0000008e                __vector_14
                0x0000008e                __vector_10
                0x0000008e                __vector_16
                0x0000008e                __vector_18
                0x0000008e                __vector_20
 .text          0x00000092        0x0 ./RTOS/croutine.o
 .text          0x00000092        0x0 ./RTOS/heap_1.o
 .text          0x00000092        0x0 ./RTOS/list.o
 .text          0x00000092        0x0 ./RTOS/port.o
 .text          0x00000092        0x0 ./RTOS/queue.o
 .text          0x00000092        0x0 ./RTOS/tasks.o
 .text          0x00000092        0x0 ./RTOS/timers.o
 .text          0x00000092        0x0 ./MCAL/UART/UART_PROGRAM.o
 .text          0x00000092        0x0 ./MCAL/Timer/TIMER_PROGRAM.o
 .text          0x00000092        0x0 ./MCAL/SPI/SPI_PROGRAM.o
 .text          0x00000092        0x0 ./MCAL/GIE/GIE_PROGRAM.o
 .text          0x00000092        0x0 ./MCAL/EXTI/EXT_INTERRUPT_PROGRAM.o
 .text          0x00000092        0x0 ./MCAL/DIO/DIO_PROGRAM.o
 .text          0x00000092        0x0 ./MCAL/ADC/ADC_PROGRAM.o
 .text          0x00000092        0x0 ./HAL/SHIFT_REGISTER/SHIFT_REGISTER_PROGRAM.o
 .text          0x00000092        0x0 ./HAL/DC_Motor/DCMOTOR_PROGRAM.o
 .text          0x00000092        0x0 ./HAL/CLCD1602/CLCD_PROGRAM.o
 .text          0x00000092        0x0 ./HAL/Buzzer/BUZZER_PROGRAM.o
 .text          0x00000092        0x0 ./main.o
 .text          0x00000092        0x0 d:/esd/material/avr/imt_sdk_win_64/imt_sdk_win_64/winavr/bin/../lib/gcc/avr/4.3.3/avr5\libgcc.a(_mulsi3.o)
 .text          0x00000092        0x0 d:/esd/material/avr/imt_sdk_win_64/imt_sdk_win_64/winavr/bin/../lib/gcc/avr/4.3.3/avr5\libgcc.a(_exit.o)
 .text          0x00000092        0x0 d:/esd/material/avr/imt_sdk_win_64/imt_sdk_win_64/winavr/bin/../lib/gcc/avr/4.3.3/avr5\libgcc.a(_copy_data.o)
 .text          0x00000092        0x0 d:/esd/material/avr/imt_sdk_win_64/imt_sdk_win_64/winavr/bin/../lib/gcc/avr/4.3.3/avr5\libgcc.a(_clear_bss.o)
 .text          0x00000092       0x58 d:/esd/material/avr/imt_sdk_win_64/imt_sdk_win_64/winavr/bin/../lib/gcc/avr/4.3.3/avr5\libgcc.a(_fixunssfsi.o)
                0x00000092                __fixunssfsi
 .text          0x000000ea      0x354 d:/esd/material/avr/imt_sdk_win_64/imt_sdk_win_64/winavr/bin/../lib/gcc/avr/4.3.3/avr5\libgcc.a(_addsub_sf.o)
                0x00000382                __subsf3
                0x000003e4                __addsf3
 .text          0x0000043e      0x1f4 d:/esd/material/avr/imt_sdk_win_64/imt_sdk_win_64/winavr/bin/../lib/gcc/avr/4.3.3/avr5\libgcc.a(_mul_sf.o)
                0x0000043e                __mulsf3
 .text          0x00000632       0x60 d:/esd/material/avr/imt_sdk_win_64/imt_sdk_win_64/winavr/bin/../lib/gcc/avr/4.3.3/avr5\libgcc.a(_gt_sf.o)
                0x00000632                __gtsf2
 .text          0x00000692       0x60 d:/esd/material/avr/imt_sdk_win_64/imt_sdk_win_64/winavr/bin/../lib/gcc/avr/4.3.3/avr5\libgcc.a(_ge_sf.o)
                0x00000692                __gesf2
 .text          0x000006f2       0x60 d:/esd/material/avr/imt_sdk_win_64/imt_sdk_win_64/winavr/bin/../lib/gcc/avr/4.3.3/avr5\libgcc.a(_lt_sf.o)
                0x000006f2                __ltsf2
 .text          0x00000752       0xbc d:/esd/material/avr/imt_sdk_win_64/imt_sdk_win_64/winavr/bin/../lib/gcc/avr/4.3.3/avr5\libgcc.a(_si_to_sf.o)
                0x00000752                __floatsisf
 .text          0x0000080e       0xa8 d:/esd/material/avr/imt_sdk_win_64/imt_sdk_win_64/winavr/bin/../lib/gcc/avr/4.3.3/avr5\libgcc.a(_sf_to_si.o)
                0x0000080e                __fixsfsi
 .text          0x000008b6        0x0 d:/esd/material/avr/imt_sdk_win_64/imt_sdk_win_64/winavr/bin/../lib/gcc/avr/4.3.3/avr5\libgcc.a(_thenan_sf.o)
 .text          0x000008b6       0xf2 d:/esd/material/avr/imt_sdk_win_64/imt_sdk_win_64/winavr/bin/../lib/gcc/avr/4.3.3/avr5\libgcc.a(_usi_to_sf.o)
                0x000008b6                __floatunsisf
 .text          0x000009a8        0x0 d:/esd/material/avr/imt_sdk_win_64/imt_sdk_win_64/winavr/bin/../lib/gcc/avr/4.3.3/avr5\libgcc.a(_prologue.o)
 .text          0x000009a8        0x0 d:/esd/material/avr/imt_sdk_win_64/imt_sdk_win_64/winavr/bin/../lib/gcc/avr/4.3.3/avr5\libgcc.a(_epilogue.o)
 .text          0x000009a8       0x9e d:/esd/material/avr/imt_sdk_win_64/imt_sdk_win_64/winavr/bin/../lib/gcc/avr/4.3.3/avr5\libgcc.a(_clzsi2.o)
                0x000009a8                __clzsi2
 .text          0x00000a46      0x1aa d:/esd/material/avr/imt_sdk_win_64/imt_sdk_win_64/winavr/bin/../lib/gcc/avr/4.3.3/avr5\libgcc.a(_pack_sf.o)
                0x00000a46                __pack_f
 .text          0x00000bf0       0xf0 d:/esd/material/avr/imt_sdk_win_64/imt_sdk_win_64/winavr/bin/../lib/gcc/avr/4.3.3/avr5\libgcc.a(_unpack_sf.o)
                0x00000bf0                __unpack_f
 .text          0x00000ce0       0xb2 d:/esd/material/avr/imt_sdk_win_64/imt_sdk_win_64/winavr/bin/../lib/gcc/avr/4.3.3/avr5\libgcc.a(_fpcmp_parts_sf.o)
                0x00000ce0                __fpcmp_parts_f
 .text          0x00000d92        0x0 d:/esd/material/avr/imt_sdk_win_64/imt_sdk_win_64/winavr/bin/../lib/gcc/avr/4.3.3/avr5\libgcc.a(_clz.o)
 .text          0x00000d92        0x0 d:/esd/material/avr/imt_sdk_win_64/imt_sdk_win_64/winavr/bin/../lib/gcc/avr/4.3.3/../../../../avr/lib/avr5\libc.a(memcpy.o)
 .text          0x00000d92        0x0 d:/esd/material/avr/imt_sdk_win_64/imt_sdk_win_64/winavr/bin/../lib/gcc/avr/4.3.3/../../../../avr/lib/avr5\libc.a(memset.o)
 .text          0x00000d92        0x0 d:/esd/material/avr/imt_sdk_win_64/imt_sdk_win_64/winavr/bin/../lib/gcc/avr/4.3.3/../../../../avr/lib/avr5\libc.a(strcmp.o)
 .text          0x00000d92        0x0 d:/esd/material/avr/imt_sdk_win_64/imt_sdk_win_64/winavr/bin/../lib/gcc/avr/4.3.3/../../../../avr/lib/avr5\libc.a(strncpy.o)
 .text          0x00000d92        0x0 d:/esd/material/avr/imt_sdk_win_64/imt_sdk_win_64/winavr/bin/../lib/gcc/avr/4.3.3/../../../../avr/lib/avr5\libc.a(itoa.o)
 .text          0x00000d92        0x0 d:/esd/material/avr/imt_sdk_win_64/imt_sdk_win_64/winavr/bin/../lib/gcc/avr/4.3.3/../../../../avr/lib/avr5\libc.a(strrev.o)
 .text          0x00000d92        0x0 d:/esd/material/avr/imt_sdk_win_64/imt_sdk_win_64/winavr/bin/../lib/gcc/avr/4.3.3/avr5\libgcc.a(_udivmodhi4.o)
                0x00000d92                . = ALIGN (0x2)
 *(.text.*)
 .text.xCoRoutineCreate
                0x00000d92      0x128 ./RTOS/croutine.o
                0x00000d92                xCoRoutineCreate
 .text.vCoRoutineAddToDelayedList
                0x00000eba       0xc2 ./RTOS/croutine.o
                0x00000eba                vCoRoutineAddToDelayedList
 .text.prvCheckPendingReadyList
                0x00000f7c       0x94 ./RTOS/croutine.o
 .text.prvCheckDelayedList
                0x00001010      0x15c ./RTOS/croutine.o
 .text.vCoRoutineSchedule
                0x0000116c       0xf4 ./RTOS/croutine.o
                0x0000116c                vCoRoutineSchedule
 .text.prvInitialiseCoRoutineLists
                0x00001260       0x72 ./RTOS/croutine.o
 .text.xCoRoutineRemoveFromEventList
                0x000012d2       0x70 ./RTOS/croutine.o
                0x000012d2                xCoRoutineRemoveFromEventList
 .text.pvPortMalloc
                0x00001342       0x8c ./RTOS/heap_1.o
                0x00001342                pvPortMalloc
 .text.vPortFree
                0x000013ce       0x18 ./RTOS/heap_1.o
                0x000013ce                vPortFree
 .text.vPortInitialiseBlocks
                0x000013e6       0x16 ./RTOS/heap_1.o
                0x000013e6                vPortInitialiseBlocks
 .text.xPortGetFreeHeapSize
                0x000013fc       0x1e ./RTOS/heap_1.o
                0x000013fc                xPortGetFreeHeapSize
 .text.vListInitialise
                0x0000141a       0x54 ./RTOS/list.o
                0x0000141a                vListInitialise
 .text.vListInitialiseItem
                0x0000146e       0x20 ./RTOS/list.o
                0x0000146e                vListInitialiseItem
 .text.vListInsertEnd
                0x0000148e       0x98 ./RTOS/list.o
                0x0000148e                vListInsertEnd
 .text.vListInsert
                0x00001526       0xd8 ./RTOS/list.o
                0x00001526                vListInsert
 .text.vListRemove
                0x000015fe       0x92 ./RTOS/list.o
                0x000015fe                vListRemove
 .text.pxPortInitialiseStack
                0x00001690      0x306 ./RTOS/port.o
                0x00001690                pxPortInitialiseStack
 .text.xPortStartScheduler
                0x00001996       0x6a ./RTOS/port.o
                0x00001996                xPortStartScheduler
 .text.vPortEndScheduler
                0x00001a00        0xe ./RTOS/port.o
                0x00001a00                vPortEndScheduler
 .text.vPortYield
                0x00001a0e       0xb2 ./RTOS/port.o
                0x00001a0e                vPortYield
 .text.vPortYieldFromTick
                0x00001ac0       0xb6 ./RTOS/port.o
                0x00001ac0                vPortYieldFromTick
 .text.prvSetupTimerInterrupt
                0x00001b76       0xb8 ./RTOS/port.o
 .text.__vector_7
                0x00001c2e        0x6 ./RTOS/port.o
                0x00001c2e                __vector_7
 .text.xQueueCreate
                0x00001c34      0x152 ./RTOS/queue.o
                0x00001c34                xQueueCreate
 .text.xQueueGenericSend
                0x00001d86      0x13c ./RTOS/queue.o
                0x00001d86                xQueueGenericSend
 .text.xQueueGenericSendFromISR
                0x00001ec2       0x9a ./RTOS/queue.o
                0x00001ec2                xQueueGenericSendFromISR
 .text.xQueueGenericReceive
                0x00001f5c      0x180 ./RTOS/queue.o
                0x00001f5c                xQueueGenericReceive
 .text.xQueueReceiveFromISR
                0x000020dc       0x9e ./RTOS/queue.o
                0x000020dc                xQueueReceiveFromISR
 .text.uxQueueMessagesWaiting
                0x0000217a       0x30 ./RTOS/queue.o
                0x0000217a                uxQueueMessagesWaiting
 .text.uxQueueMessagesWaitingFromISR
                0x000021aa       0x26 ./RTOS/queue.o
                0x000021aa                uxQueueMessagesWaitingFromISR
 .text.vQueueDelete
                0x000021d0       0x2c ./RTOS/queue.o
                0x000021d0                vQueueDelete
 .text.prvCopyDataToQueue
                0x000021fc      0x12a ./RTOS/queue.o
 .text.prvCopyDataFromQueue
                0x00002326       0x90 ./RTOS/queue.o
 .text.prvUnlockQueue
                0x000023b6       0xa8 ./RTOS/queue.o
 .text.prvIsQueueEmpty
                0x0000245e       0x38 ./RTOS/queue.o
 .text.xQueueIsQueueEmptyFromISR
                0x00002496       0x2e ./RTOS/queue.o
                0x00002496                xQueueIsQueueEmptyFromISR
 .text.prvIsQueueFull
                0x000024c4       0x3e ./RTOS/queue.o
 .text.xQueueIsQueueFullFromISR
                0x00002502       0x34 ./RTOS/queue.o
                0x00002502                xQueueIsQueueFullFromISR
 .text.xTaskGenericCreate
                0x00002536      0x1da ./RTOS/tasks.o
                0x00002536                xTaskGenericCreate
 .text.vTaskDelete
                0x00002710       0xc6 ./RTOS/tasks.o
                0x00002710                vTaskDelete
 .text.vTaskDelayUntil
                0x000027d6       0xe8 ./RTOS/tasks.o
                0x000027d6                vTaskDelayUntil
 .text.vTaskDelay
                0x000028be       0x6a ./RTOS/tasks.o
                0x000028be                vTaskDelay
 .text.vTaskStartScheduler
                0x00002928       0x6e ./RTOS/tasks.o
                0x00002928                vTaskStartScheduler
 .text.vTaskEndScheduler
                0x00002996       0x18 ./RTOS/tasks.o
                0x00002996                vTaskEndScheduler
 .text.vTaskSuspendAll
                0x000029ae       0x18 ./RTOS/tasks.o
                0x000029ae                vTaskSuspendAll
 .text.xTaskResumeAll
                0x000029c6      0x114 ./RTOS/tasks.o
                0x000029c6                xTaskResumeAll
 .text.xTaskGetTickCount
                0x00002ada       0x2e ./RTOS/tasks.o
                0x00002ada                xTaskGetTickCount
 .text.xTaskGetTickCountFromISR
                0x00002b08       0x2a ./RTOS/tasks.o
                0x00002b08                xTaskGetTickCountFromISR
 .text.uxTaskGetNumberOfTasks
                0x00002b32       0x12 ./RTOS/tasks.o
                0x00002b32                uxTaskGetNumberOfTasks
 .text.vTaskIncrementTick
                0x00002b44      0x1aa ./RTOS/tasks.o
                0x00002b44                vTaskIncrementTick
 .text.vTaskSwitchContext
                0x00002cee       0xcc ./RTOS/tasks.o
                0x00002cee                vTaskSwitchContext
 .text.vTaskPlaceOnEventList
                0x00002dba       0x6c ./RTOS/tasks.o
                0x00002dba                vTaskPlaceOnEventList
 .text.xTaskRemoveFromEventList
                0x00002e26       0xd0 ./RTOS/tasks.o
                0x00002e26                xTaskRemoveFromEventList
 .text.vTaskSetTimeOutState
                0x00002ef6       0x32 ./RTOS/tasks.o
                0x00002ef6                vTaskSetTimeOutState
 .text.xTaskCheckForTimeOut
                0x00002f28       0xba ./RTOS/tasks.o
                0x00002f28                xTaskCheckForTimeOut
 .text.vTaskMissedYield
                0x00002fe2       0x14 ./RTOS/tasks.o
                0x00002fe2                vTaskMissedYield
 .text.prvIdleTask
                0x00002ff6       0x14 ./RTOS/tasks.o
 .text.prvInitialiseTCBVariables
                0x0000300a       0xae ./RTOS/tasks.o
 .text.prvInitialiseTaskLists
                0x000030b8       0x7a ./RTOS/tasks.o
 .text.prvCheckTasksWaitingTermination
                0x00003132       0x7c ./RTOS/tasks.o
 .text.prvAddCurrentTaskToDelayedList
                0x000031ae       0x92 ./RTOS/tasks.o
 .text.prvAllocateTCBAndStack
                0x00003240       0xa0 ./RTOS/tasks.o
 .text.prvDeleteTCB
                0x000032e0       0x2c ./RTOS/tasks.o
 .text.UART_init
                0x0000330c       0x60 ./MCAL/UART/UART_PROGRAM.o
                0x0000330c                UART_init
 .text.UART_Receive
                0x0000336c       0x1e ./MCAL/UART/UART_PROGRAM.o
                0x0000336c                UART_Receive
 .text.UART_Send
                0x0000338a       0x24 ./MCAL/UART/UART_PROGRAM.o
                0x0000338a                UART_Send
 .text.UART_RXFlAG_down
                0x000033ae       0x1c ./MCAL/UART/UART_PROGRAM.o
                0x000033ae                UART_RXFlAG_down
 .text.UART_Receive_String
                0x000033ca       0x8a ./MCAL/UART/UART_PROGRAM.o
                0x000033ca                UART_Receive_String
 .text.UART_SEND_String
                0x00003454       0x52 ./MCAL/UART/UART_PROGRAM.o
                0x00003454                UART_SEND_String
 .text.UART_disable
                0x000034a6       0x1c ./MCAL/UART/UART_PROGRAM.o
                0x000034a6                UART_disable
 .text.UART_enable
                0x000034c2       0x1c ./MCAL/UART/UART_PROGRAM.o
                0x000034c2                UART_enable
 .text.Timer0_init
                0x000034de       0x70 ./MCAL/Timer/TIMER_PROGRAM.o
                0x000034de                Timer0_init
 .text.Timer1_init
                0x0000354e       0x98 ./MCAL/Timer/TIMER_PROGRAM.o
                0x0000354e                Timer1_init
 .text.Timer2_init
                0x000035e6       0x70 ./MCAL/Timer/TIMER_PROGRAM.o
                0x000035e6                Timer2_init
 .text.SET_TCNT0
                0x00003656       0x1c ./MCAL/Timer/TIMER_PROGRAM.o
                0x00003656                SET_TCNT0
 .text.SET_OCR0
                0x00003672       0x1c ./MCAL/Timer/TIMER_PROGRAM.o
                0x00003672                SET_OCR0
 .text.SET_TCNT2
                0x0000368e       0x1c ./MCAL/Timer/TIMER_PROGRAM.o
                0x0000368e                SET_TCNT2
 .text.SET_OCR2
                0x000036aa       0x1c ./MCAL/Timer/TIMER_PROGRAM.o
                0x000036aa                SET_OCR2
 .text.SET_TCNT1
                0x000036c6       0x24 ./MCAL/Timer/TIMER_PROGRAM.o
                0x000036c6                SET_TCNT1
 .text.SET_OCR1A
                0x000036ea       0x24 ./MCAL/Timer/TIMER_PROGRAM.o
                0x000036ea                SET_OCR1A
 .text.SET_OCR1B
                0x0000370e       0x24 ./MCAL/Timer/TIMER_PROGRAM.o
                0x0000370e                SET_OCR1B
 .text.SPI_Master_init
                0x00003732       0x54 ./MCAL/SPI/SPI_PROGRAM.o
                0x00003732                SPI_Master_init
 .text.SPI_Slave_init
                0x00003786       0x2a ./MCAL/SPI/SPI_PROGRAM.o
                0x00003786                SPI_Slave_init
 .text.SPI_Transive
                0x000037b0       0x2a ./MCAL/SPI/SPI_PROGRAM.o
                0x000037b0                SPI_Transive
 .text.Globle_Intrrupt_Enable
                0x000037da       0x1c ./MCAL/GIE/GIE_PROGRAM.o
                0x000037da                Globle_Intrrupt_Enable
 .text.Globle_Intrrupt_Disable
                0x000037f6       0x1c ./MCAL/GIE/GIE_PROGRAM.o
                0x000037f6                Globle_Intrrupt_Disable
 .text.INT0_init
                0x00003812       0x38 ./MCAL/EXTI/EXT_INTERRUPT_PROGRAM.o
                0x00003812                INT0_init
 .text.INT1_init
                0x0000384a       0x38 ./MCAL/EXTI/EXT_INTERRUPT_PROGRAM.o
                0x0000384a                INT1_init
 .text.INT2_init
                0x00003882       0x2a ./MCAL/EXTI/EXT_INTERRUPT_PROGRAM.o
                0x00003882                INT2_init
 .text.DIO_SetPin_Value
                0x000038ac      0x200 ./MCAL/DIO/DIO_PROGRAM.o
                0x000038ac                DIO_SetPin_Value
 .text.DIO_SetPin_Direction
                0x00003aac      0x200 ./MCAL/DIO/DIO_PROGRAM.o
                0x00003aac                DIO_SetPin_Direction
 .text.DIO_SetPort_Value
                0x00003cac       0x82 ./MCAL/DIO/DIO_PROGRAM.o
                0x00003cac                DIO_SetPort_Value
 .text.DIO_SetPort_Direction
                0x00003d2e       0x82 ./MCAL/DIO/DIO_PROGRAM.o
                0x00003d2e                DIO_SetPort_Direction
 .text.DIO_GetPinValue
                0x00003db0       0xf4 ./MCAL/DIO/DIO_PROGRAM.o
                0x00003db0                DIO_GetPinValue
 .text.ADC_init
                0x00003ea4       0x70 ./MCAL/ADC/ADC_PROGRAM.o
                0x00003ea4                ADC_init
 .text.ADC_Read_Sych
                0x00003f14       0x90 ./MCAL/ADC/ADC_PROGRAM.o
                0x00003f14                ADC_Read_Sych
 .text.Shift    0x00003fa4       0xba ./HAL/SHIFT_REGISTER/SHIFT_REGISTER_PROGRAM.o
                0x00003fa4                Shift
 .text.Motor_PWM_8BIT
                0x0000405e       0x1a ./HAL/DC_Motor/DCMOTOR_PROGRAM.o
                0x0000405e                Motor_PWM_8BIT
 .text.Motor_MAXSPEED_8BIT
                0x00004078       0x14 ./HAL/DC_Motor/DCMOTOR_PROGRAM.o
                0x00004078                Motor_MAXSPEED_8BIT
 .text.Motor_PWM_16BIT
                0x0000408c       0x20 ./HAL/DC_Motor/DCMOTOR_PROGRAM.o
                0x0000408c                Motor_PWM_16BIT
 .text.Motor_MAXSPEED_16BIT
                0x000040ac       0x16 ./HAL/DC_Motor/DCMOTOR_PROGRAM.o
                0x000040ac                Motor_MAXSPEED_16BIT
 .text.LCD8Bit_Send_Command
                0x000040c2      0x216 ./HAL/CLCD1602/CLCD_PROGRAM.o
                0x000040c2                LCD8Bit_Send_Command
 .text.LCD8Bit_Send_Data
                0x000042d8      0x216 ./HAL/CLCD1602/CLCD_PROGRAM.o
                0x000042d8                LCD8Bit_Send_Data
 .text.LCD8Bit_init
                0x000044ee      0x11c ./HAL/CLCD1602/CLCD_PROGRAM.o
                0x000044ee                LCD8Bit_init
 .text.LCD_Send_String
                0x0000460a       0x52 ./HAL/CLCD1602/CLCD_PROGRAM.o
                0x0000460a                LCD_Send_String
 .text.LCD_Send_Int
                0x0000465c       0x46 ./HAL/CLCD1602/CLCD_PROGRAM.o
                0x0000465c                LCD_Send_Int
 .text.LCD_GOTOXY
                0x000046a2       0x3c ./HAL/CLCD1602/CLCD_PROGRAM.o
                0x000046a2                LCD_GOTOXY
 .text.LCD_Save_Character
                0x000046de       0x68 ./HAL/CLCD1602/CLCD_PROGRAM.o
                0x000046de                LCD_Save_Character
 .text.LCD_Display_Character
                0x00004746       0x4c ./HAL/CLCD1602/CLCD_PROGRAM.o
                0x00004746                LCD_Display_Character
 .text.BuzzerON
                0x00004792       0x18 ./HAL/Buzzer/BUZZER_PROGRAM.o
                0x00004792                BuzzerON
 .text.BuzzerOFF
                0x000047aa       0x18 ./HAL/Buzzer/BUZZER_PROGRAM.o
                0x000047aa                BuzzerOFF
 .text.BuzzerTOGGLE
                0x000047c2      0x124 ./HAL/Buzzer/BUZZER_PROGRAM.o
                0x000047c2                BuzzerTOGGLE
 .text.main     0x000048e6     0x11ac ./main.o
                0x000048e6                main
 .text.__vector_1
                0x00005a92       0x5e ./main.o
                0x00005a92                __vector_1
 .text.__vector_2
                0x00005af0       0x5e ./main.o
                0x00005af0                __vector_2
 .text.BluetoothRead
                0x00005b4e       0x9a ./main.o
                0x00005b4e                BluetoothRead
 .text.ServoAngle
                0x00005be8       0xca ./main.o
                0x00005be8                ServoAngle
 .text.SensorsReadings
                0x00005cb2      0x1a4 ./main.o
                0x00005cb2                SensorsReadings
 .text.SensorsDisplay1
                0x00005e56       0x52 ./main.o
                0x00005e56                SensorsDisplay1
 .text.SensorsDisplay2
                0x00005ea8       0x56 ./main.o
                0x00005ea8                SensorsDisplay2
 .text.Cases    0x00005efe       0xc0 ./main.o
                0x00005efe                Cases
 .text.libgcc   0x00005fbe       0x3e d:/esd/material/avr/imt_sdk_win_64/imt_sdk_win_64/winavr/bin/../lib/gcc/avr/4.3.3/avr5\libgcc.a(_mulsi3.o)
                0x00005fbe                __mulsi3
 .text.libgcc   0x00005ffc        0x0 d:/esd/material/avr/imt_sdk_win_64/imt_sdk_win_64/winavr/bin/../lib/gcc/avr/4.3.3/avr5\libgcc.a(_exit.o)
 .text.libgcc   0x00005ffc        0x0 d:/esd/material/avr/imt_sdk_win_64/imt_sdk_win_64/winavr/bin/../lib/gcc/avr/4.3.3/avr5\libgcc.a(_copy_data.o)
 .text.libgcc   0x00005ffc        0x0 d:/esd/material/avr/imt_sdk_win_64/imt_sdk_win_64/winavr/bin/../lib/gcc/avr/4.3.3/avr5\libgcc.a(_clear_bss.o)
 .text.libgcc   0x00005ffc       0x38 d:/esd/material/avr/imt_sdk_win_64/imt_sdk_win_64/winavr/bin/../lib/gcc/avr/4.3.3/avr5\libgcc.a(_prologue.o)
                0x00005ffc                __prologue_saves__
 .text.libgcc   0x00006034       0x36 d:/esd/material/avr/imt_sdk_win_64/imt_sdk_win_64/winavr/bin/../lib/gcc/avr/4.3.3/avr5\libgcc.a(_epilogue.o)
                0x00006034                __epilogue_restores__
 .text.avr-libc
                0x0000606a       0x12 d:/esd/material/avr/imt_sdk_win_64/imt_sdk_win_64/winavr/bin/../lib/gcc/avr/4.3.3/../../../../avr/lib/avr5\libc.a(memcpy.o)
                0x0000606a                memcpy
 .text.avr-libc
                0x0000607c        0xe d:/esd/material/avr/imt_sdk_win_64/imt_sdk_win_64/winavr/bin/../lib/gcc/avr/4.3.3/../../../../avr/lib/avr5\libc.a(memset.o)
                0x0000607c                memset
 .text.avr-libc
                0x0000608a       0x12 d:/esd/material/avr/imt_sdk_win_64/imt_sdk_win_64/winavr/bin/../lib/gcc/avr/4.3.3/../../../../avr/lib/avr5\libc.a(strcmp.o)
                0x0000608a                strcmp
 .text.avr-libc
                0x0000609c       0x1e d:/esd/material/avr/imt_sdk_win_64/imt_sdk_win_64/winavr/bin/../lib/gcc/avr/4.3.3/../../../../avr/lib/avr5\libc.a(strncpy.o)
                0x0000609c                strncpy
 .text.avr-libc
                0x000060ba       0x42 d:/esd/material/avr/imt_sdk_win_64/imt_sdk_win_64/winavr/bin/../lib/gcc/avr/4.3.3/../../../../avr/lib/avr5\libc.a(itoa.o)
                0x000060ba                itoa
 .text.avr-libc
                0x000060fc       0x20 d:/esd/material/avr/imt_sdk_win_64/imt_sdk_win_64/winavr/bin/../lib/gcc/avr/4.3.3/../../../../avr/lib/avr5\libc.a(strrev.o)
                0x000060fc                strrev
 .text.libgcc   0x0000611c       0x28 d:/esd/material/avr/imt_sdk_win_64/imt_sdk_win_64/winavr/bin/../lib/gcc/avr/4.3.3/avr5\libgcc.a(_udivmodhi4.o)
                0x0000611c                __udivmodhi4
                0x00006144                . = ALIGN (0x2)
 *(.fini9)
 .fini9         0x00006144        0x0 d:/esd/material/avr/imt_sdk_win_64/imt_sdk_win_64/winavr/bin/../lib/gcc/avr/4.3.3/avr5\libgcc.a(_exit.o)
                0x00006144                exit
                0x00006144                _exit
 *(.fini9)
 *(.fini8)
 *(.fini8)
 *(.fini7)
 *(.fini7)
 *(.fini6)
 *(.fini6)
 *(.fini5)
 *(.fini5)
 *(.fini4)
 *(.fini4)
 *(.fini3)
 *(.fini3)
 *(.fini2)
 *(.fini2)
 *(.fini1)
 *(.fini1)
 *(.fini0)
 .fini0         0x00006144        0x4 d:/esd/material/avr/imt_sdk_win_64/imt_sdk_win_64/winavr/bin/../lib/gcc/avr/4.3.3/avr5\libgcc.a(_exit.o)
 *(.fini0)
                0x00006148                _etext = .

.data           0x00800060      0x246 load address 0x00006148
                0x00800060                PROVIDE (__data_start, .)
 *(.data)
 .data          0x00800060        0x0 d:/esd/material/avr/imt_sdk_win_64/imt_sdk_win_64/winavr/bin/../lib/gcc/avr/4.3.3/../../../../avr/lib/avr5/crtm32.o
 .data          0x00800060        0x0 ./RTOS/croutine.o
 .data          0x00800060        0x0 ./RTOS/heap_1.o
 .data          0x00800060        0x0 ./RTOS/list.o
 .data          0x00800060        0x0 ./RTOS/port.o
 .data          0x00800060        0x0 ./RTOS/queue.o
 .data          0x00800060        0x5 ./RTOS/tasks.o
 .data          0x00800065        0x0 ./RTOS/timers.o
 .data          0x00800065        0x0 ./MCAL/UART/UART_PROGRAM.o
 .data          0x00800065        0x0 ./MCAL/Timer/TIMER_PROGRAM.o
 .data          0x00800065        0x0 ./MCAL/SPI/SPI_PROGRAM.o
 .data          0x00800065        0x0 ./MCAL/GIE/GIE_PROGRAM.o
 .data          0x00800065        0x0 ./MCAL/EXTI/EXT_INTERRUPT_PROGRAM.o
 .data          0x00800065        0x0 ./MCAL/DIO/DIO_PROGRAM.o
 .data          0x00800065        0x0 ./MCAL/ADC/ADC_PROGRAM.o
 .data          0x00800065        0x0 ./HAL/SHIFT_REGISTER/SHIFT_REGISTER_PROGRAM.o
 .data          0x00800065        0x0 ./HAL/DC_Motor/DCMOTOR_PROGRAM.o
 .data          0x00800065        0x0 ./HAL/CLCD1602/CLCD_PROGRAM.o
 .data          0x00800065        0x0 ./HAL/Buzzer/BUZZER_PROGRAM.o
 .data          0x00800065       0xae ./main.o
 .data          0x00800113        0x0 d:/esd/material/avr/imt_sdk_win_64/imt_sdk_win_64/winavr/bin/../lib/gcc/avr/4.3.3/avr5\libgcc.a(_mulsi3.o)
 .data          0x00800113        0x0 d:/esd/material/avr/imt_sdk_win_64/imt_sdk_win_64/winavr/bin/../lib/gcc/avr/4.3.3/avr5\libgcc.a(_exit.o)
 .data          0x00800113        0x0 d:/esd/material/avr/imt_sdk_win_64/imt_sdk_win_64/winavr/bin/../lib/gcc/avr/4.3.3/avr5\libgcc.a(_copy_data.o)
 .data          0x00800113        0x0 d:/esd/material/avr/imt_sdk_win_64/imt_sdk_win_64/winavr/bin/../lib/gcc/avr/4.3.3/avr5\libgcc.a(_clear_bss.o)
 .data          0x00800113        0x0 d:/esd/material/avr/imt_sdk_win_64/imt_sdk_win_64/winavr/bin/../lib/gcc/avr/4.3.3/avr5\libgcc.a(_fixunssfsi.o)
 .data          0x00800113        0x0 d:/esd/material/avr/imt_sdk_win_64/imt_sdk_win_64/winavr/bin/../lib/gcc/avr/4.3.3/avr5\libgcc.a(_addsub_sf.o)
 .data          0x00800113        0x0 d:/esd/material/avr/imt_sdk_win_64/imt_sdk_win_64/winavr/bin/../lib/gcc/avr/4.3.3/avr5\libgcc.a(_mul_sf.o)
 .data          0x00800113        0x0 d:/esd/material/avr/imt_sdk_win_64/imt_sdk_win_64/winavr/bin/../lib/gcc/avr/4.3.3/avr5\libgcc.a(_gt_sf.o)
 .data          0x00800113        0x0 d:/esd/material/avr/imt_sdk_win_64/imt_sdk_win_64/winavr/bin/../lib/gcc/avr/4.3.3/avr5\libgcc.a(_ge_sf.o)
 .data          0x00800113        0x0 d:/esd/material/avr/imt_sdk_win_64/imt_sdk_win_64/winavr/bin/../lib/gcc/avr/4.3.3/avr5\libgcc.a(_lt_sf.o)
 .data          0x00800113        0x0 d:/esd/material/avr/imt_sdk_win_64/imt_sdk_win_64/winavr/bin/../lib/gcc/avr/4.3.3/avr5\libgcc.a(_si_to_sf.o)
 .data          0x00800113        0x0 d:/esd/material/avr/imt_sdk_win_64/imt_sdk_win_64/winavr/bin/../lib/gcc/avr/4.3.3/avr5\libgcc.a(_sf_to_si.o)
 .data          0x00800113        0x8 d:/esd/material/avr/imt_sdk_win_64/imt_sdk_win_64/winavr/bin/../lib/gcc/avr/4.3.3/avr5\libgcc.a(_thenan_sf.o)
                0x00800113                __thenan_sf
 .data          0x0080011b        0x0 d:/esd/material/avr/imt_sdk_win_64/imt_sdk_win_64/winavr/bin/../lib/gcc/avr/4.3.3/avr5\libgcc.a(_usi_to_sf.o)
 .data          0x0080011b        0x0 d:/esd/material/avr/imt_sdk_win_64/imt_sdk_win_64/winavr/bin/../lib/gcc/avr/4.3.3/avr5\libgcc.a(_prologue.o)
 .data          0x0080011b        0x0 d:/esd/material/avr/imt_sdk_win_64/imt_sdk_win_64/winavr/bin/../lib/gcc/avr/4.3.3/avr5\libgcc.a(_epilogue.o)
 .data          0x0080011b        0x0 d:/esd/material/avr/imt_sdk_win_64/imt_sdk_win_64/winavr/bin/../lib/gcc/avr/4.3.3/avr5\libgcc.a(_clzsi2.o)
 .data          0x0080011b        0x0 d:/esd/material/avr/imt_sdk_win_64/imt_sdk_win_64/winavr/bin/../lib/gcc/avr/4.3.3/avr5\libgcc.a(_pack_sf.o)
 .data          0x0080011b        0x0 d:/esd/material/avr/imt_sdk_win_64/imt_sdk_win_64/winavr/bin/../lib/gcc/avr/4.3.3/avr5\libgcc.a(_unpack_sf.o)
 .data          0x0080011b        0x0 d:/esd/material/avr/imt_sdk_win_64/imt_sdk_win_64/winavr/bin/../lib/gcc/avr/4.3.3/avr5\libgcc.a(_fpcmp_parts_sf.o)
 .data          0x0080011b      0x100 d:/esd/material/avr/imt_sdk_win_64/imt_sdk_win_64/winavr/bin/../lib/gcc/avr/4.3.3/avr5\libgcc.a(_clz.o)
                0x0080011b                __clz_tab
 .data          0x0080021b        0x0 d:/esd/material/avr/imt_sdk_win_64/imt_sdk_win_64/winavr/bin/../lib/gcc/avr/4.3.3/../../../../avr/lib/avr5\libc.a(memcpy.o)
 .data          0x0080021b        0x0 d:/esd/material/avr/imt_sdk_win_64/imt_sdk_win_64/winavr/bin/../lib/gcc/avr/4.3.3/../../../../avr/lib/avr5\libc.a(memset.o)
 .data          0x0080021b        0x0 d:/esd/material/avr/imt_sdk_win_64/imt_sdk_win_64/winavr/bin/../lib/gcc/avr/4.3.3/../../../../avr/lib/avr5\libc.a(strcmp.o)
 .data          0x0080021b        0x0 d:/esd/material/avr/imt_sdk_win_64/imt_sdk_win_64/winavr/bin/../lib/gcc/avr/4.3.3/../../../../avr/lib/avr5\libc.a(strncpy.o)
 .data          0x0080021b        0x0 d:/esd/material/avr/imt_sdk_win_64/imt_sdk_win_64/winavr/bin/../lib/gcc/avr/4.3.3/../../../../avr/lib/avr5\libc.a(itoa.o)
 .data          0x0080021b        0x0 d:/esd/material/avr/imt_sdk_win_64/imt_sdk_win_64/winavr/bin/../lib/gcc/avr/4.3.3/../../../../avr/lib/avr5\libc.a(strrev.o)
 .data          0x0080021b        0x0 d:/esd/material/avr/imt_sdk_win_64/imt_sdk_win_64/winavr/bin/../lib/gcc/avr/4.3.3/avr5\libgcc.a(_udivmodhi4.o)
 *(.data*)
 .data.xNextTaskUnblockTime
                0x0080021b        0x2 ./RTOS/tasks.o
 .data.shutdoor
                0x0080021d        0x5 ./main.o
                0x0080021d                shutdoor
 .data.opendoor
                0x00800222        0x5 ./main.o
                0x00800222                opendoor
 .data.heavyload1
                0x00800227        0x5 ./main.o
                0x00800227                heavyload1
 .data.heavyload2
                0x0080022c        0x5 ./main.o
                0x0080022c                heavyload2
 .data.heavyload3
                0x00800231        0x5 ./main.o
                0x00800231                heavyload3
 .data.heavyload4
                0x00800236        0x5 ./main.o
                0x00800236                heavyload4
 .data.heavyloadALLOFF
                0x0080023b        0x5 ./main.o
                0x0080023b                heavyloadALLOFF
 .data.users    0x00800240       0x64 ./main.o
                0x00800240                users
 .data.usernum  0x008002a4        0x1 ./main.o
 .data.passnum  0x008002a5        0x1 ./main.o
 *(.rodata)
 *(.rodata*)
 *(.gnu.linkonce.d*)
                0x008002a6                . = ALIGN (0x2)
                0x008002a6                _edata = .
                0x008002a6                PROVIDE (__data_end, .)

.bss            0x008002a6      0x49f
                0x008002a6                PROVIDE (__bss_start, .)
 *(.bss)
 .bss           0x008002a6        0x0 d:/esd/material/avr/imt_sdk_win_64/imt_sdk_win_64/winavr/bin/../lib/gcc/avr/4.3.3/../../../../avr/lib/avr5/crtm32.o
 .bss           0x008002a6        0x0 ./RTOS/croutine.o
 .bss           0x008002a6        0x0 ./RTOS/heap_1.o
 .bss           0x008002a6        0x0 ./RTOS/list.o
 .bss           0x008002a6        0x0 ./RTOS/port.o
 .bss           0x008002a6        0x0 ./RTOS/queue.o
 .bss           0x008002a6        0x0 ./RTOS/tasks.o
 .bss           0x008002a6        0x0 ./RTOS/timers.o
 .bss           0x008002a6        0x0 ./MCAL/UART/UART_PROGRAM.o
 .bss           0x008002a6        0x0 ./MCAL/Timer/TIMER_PROGRAM.o
 .bss           0x008002a6        0x0 ./MCAL/SPI/SPI_PROGRAM.o
 .bss           0x008002a6        0x0 ./MCAL/GIE/GIE_PROGRAM.o
 .bss           0x008002a6        0x0 ./MCAL/EXTI/EXT_INTERRUPT_PROGRAM.o
 .bss           0x008002a6        0x0 ./MCAL/DIO/DIO_PROGRAM.o
 .bss           0x008002a6        0x0 ./MCAL/ADC/ADC_PROGRAM.o
 .bss           0x008002a6        0x0 ./HAL/SHIFT_REGISTER/SHIFT_REGISTER_PROGRAM.o
 .bss           0x008002a6        0x0 ./HAL/DC_Motor/DCMOTOR_PROGRAM.o
 .bss           0x008002a6        0x0 ./HAL/CLCD1602/CLCD_PROGRAM.o
 .bss           0x008002a6        0x0 ./HAL/Buzzer/BUZZER_PROGRAM.o
 .bss           0x008002a6        0x0 ./main.o
 .bss           0x008002a6        0x0 d:/esd/material/avr/imt_sdk_win_64/imt_sdk_win_64/winavr/bin/../lib/gcc/avr/4.3.3/avr5\libgcc.a(_mulsi3.o)
 .bss           0x008002a6        0x0 d:/esd/material/avr/imt_sdk_win_64/imt_sdk_win_64/winavr/bin/../lib/gcc/avr/4.3.3/avr5\libgcc.a(_exit.o)
 .bss           0x008002a6        0x0 d:/esd/material/avr/imt_sdk_win_64/imt_sdk_win_64/winavr/bin/../lib/gcc/avr/4.3.3/avr5\libgcc.a(_copy_data.o)
 .bss           0x008002a6        0x0 d:/esd/material/avr/imt_sdk_win_64/imt_sdk_win_64/winavr/bin/../lib/gcc/avr/4.3.3/avr5\libgcc.a(_clear_bss.o)
 .bss           0x008002a6        0x0 d:/esd/material/avr/imt_sdk_win_64/imt_sdk_win_64/winavr/bin/../lib/gcc/avr/4.3.3/avr5\libgcc.a(_fixunssfsi.o)
 .bss           0x008002a6        0x0 d:/esd/material/avr/imt_sdk_win_64/imt_sdk_win_64/winavr/bin/../lib/gcc/avr/4.3.3/avr5\libgcc.a(_addsub_sf.o)
 .bss           0x008002a6        0x0 d:/esd/material/avr/imt_sdk_win_64/imt_sdk_win_64/winavr/bin/../lib/gcc/avr/4.3.3/avr5\libgcc.a(_mul_sf.o)
 .bss           0x008002a6        0x0 d:/esd/material/avr/imt_sdk_win_64/imt_sdk_win_64/winavr/bin/../lib/gcc/avr/4.3.3/avr5\libgcc.a(_gt_sf.o)
 .bss           0x008002a6        0x0 d:/esd/material/avr/imt_sdk_win_64/imt_sdk_win_64/winavr/bin/../lib/gcc/avr/4.3.3/avr5\libgcc.a(_ge_sf.o)
 .bss           0x008002a6        0x0 d:/esd/material/avr/imt_sdk_win_64/imt_sdk_win_64/winavr/bin/../lib/gcc/avr/4.3.3/avr5\libgcc.a(_lt_sf.o)
 .bss           0x008002a6        0x0 d:/esd/material/avr/imt_sdk_win_64/imt_sdk_win_64/winavr/bin/../lib/gcc/avr/4.3.3/avr5\libgcc.a(_si_to_sf.o)
 .bss           0x008002a6        0x0 d:/esd/material/avr/imt_sdk_win_64/imt_sdk_win_64/winavr/bin/../lib/gcc/avr/4.3.3/avr5\libgcc.a(_sf_to_si.o)
 .bss           0x008002a6        0x0 d:/esd/material/avr/imt_sdk_win_64/imt_sdk_win_64/winavr/bin/../lib/gcc/avr/4.3.3/avr5\libgcc.a(_thenan_sf.o)
 .bss           0x008002a6        0x0 d:/esd/material/avr/imt_sdk_win_64/imt_sdk_win_64/winavr/bin/../lib/gcc/avr/4.3.3/avr5\libgcc.a(_usi_to_sf.o)
 .bss           0x008002a6        0x0 d:/esd/material/avr/imt_sdk_win_64/imt_sdk_win_64/winavr/bin/../lib/gcc/avr/4.3.3/avr5\libgcc.a(_prologue.o)
 .bss           0x008002a6        0x0 d:/esd/material/avr/imt_sdk_win_64/imt_sdk_win_64/winavr/bin/../lib/gcc/avr/4.3.3/avr5\libgcc.a(_epilogue.o)
 .bss           0x008002a6        0x0 d:/esd/material/avr/imt_sdk_win_64/imt_sdk_win_64/winavr/bin/../lib/gcc/avr/4.3.3/avr5\libgcc.a(_clzsi2.o)
 .bss           0x008002a6        0x0 d:/esd/material/avr/imt_sdk_win_64/imt_sdk_win_64/winavr/bin/../lib/gcc/avr/4.3.3/avr5\libgcc.a(_pack_sf.o)
 .bss           0x008002a6        0x0 d:/esd/material/avr/imt_sdk_win_64/imt_sdk_win_64/winavr/bin/../lib/gcc/avr/4.3.3/avr5\libgcc.a(_unpack_sf.o)
 .bss           0x008002a6        0x0 d:/esd/material/avr/imt_sdk_win_64/imt_sdk_win_64/winavr/bin/../lib/gcc/avr/4.3.3/avr5\libgcc.a(_fpcmp_parts_sf.o)
 .bss           0x008002a6        0x0 d:/esd/material/avr/imt_sdk_win_64/imt_sdk_win_64/winavr/bin/../lib/gcc/avr/4.3.3/avr5\libgcc.a(_clz.o)
 .bss           0x008002a6        0x0 d:/esd/material/avr/imt_sdk_win_64/imt_sdk_win_64/winavr/bin/../lib/gcc/avr/4.3.3/../../../../avr/lib/avr5\libc.a(memcpy.o)
 .bss           0x008002a6        0x0 d:/esd/material/avr/imt_sdk_win_64/imt_sdk_win_64/winavr/bin/../lib/gcc/avr/4.3.3/../../../../avr/lib/avr5\libc.a(memset.o)
 .bss           0x008002a6        0x0 d:/esd/material/avr/imt_sdk_win_64/imt_sdk_win_64/winavr/bin/../lib/gcc/avr/4.3.3/../../../../avr/lib/avr5\libc.a(strcmp.o)
 .bss           0x008002a6        0x0 d:/esd/material/avr/imt_sdk_win_64/imt_sdk_win_64/winavr/bin/../lib/gcc/avr/4.3.3/../../../../avr/lib/avr5\libc.a(strncpy.o)
 .bss           0x008002a6        0x0 d:/esd/material/avr/imt_sdk_win_64/imt_sdk_win_64/winavr/bin/../lib/gcc/avr/4.3.3/../../../../avr/lib/avr5\libc.a(itoa.o)
 .bss           0x008002a6        0x0 d:/esd/material/avr/imt_sdk_win_64/imt_sdk_win_64/winavr/bin/../lib/gcc/avr/4.3.3/../../../../avr/lib/avr5\libc.a(strrev.o)
 .bss           0x008002a6        0x0 d:/esd/material/avr/imt_sdk_win_64/imt_sdk_win_64/winavr/bin/../lib/gcc/avr/4.3.3/avr5\libgcc.a(_udivmodhi4.o)
 *(.bss*)
 .bss.pxCurrentCoRoutine
                0x008002a6        0x2 ./RTOS/croutine.o
                0x008002a6                pxCurrentCoRoutine
 .bss.uxTopCoRoutineReadyPriority
                0x008002a8        0x1 ./RTOS/croutine.o
 .bss.xCoRoutineTickCount
                0x008002a9        0x2 ./RTOS/croutine.o
 .bss.xLastTickCount
                0x008002ab        0x2 ./RTOS/croutine.o
 .bss.xPassedTicks
                0x008002ad        0x2 ./RTOS/croutine.o
 .bss.pxReadyCoRoutineLists
                0x008002af       0x12 ./RTOS/croutine.o
 .bss.xDelayedCoRoutineList1
                0x008002c1        0x9 ./RTOS/croutine.o
 .bss.xDelayedCoRoutineList2
                0x008002ca        0x9 ./RTOS/croutine.o
 .bss.pxDelayedCoRoutineList
                0x008002d3        0x2 ./RTOS/croutine.o
 .bss.pxOverflowDelayedCoRoutineList
                0x008002d5        0x2 ./RTOS/croutine.o
 .bss.xPendingReadyCoRoutineList
                0x008002d7        0x9 ./RTOS/croutine.o
 .bss.xNextFreeByte
                0x008002e0        0x2 ./RTOS/heap_1.o
 .bss.xHeap     0x008002e2      0x3e8 ./RTOS/heap_1.o
 .bss.pxCurrentTCB
                0x008006ca        0x2 ./RTOS/tasks.o
                0x008006ca                pxCurrentTCB
 .bss.uxTasksDeleted
                0x008006cc        0x1 ./RTOS/tasks.o
 .bss.uxCurrentNumberOfTasks
                0x008006cd        0x1 ./RTOS/tasks.o
 .bss.xTickCount
                0x008006ce        0x2 ./RTOS/tasks.o
 .bss.uxTopUsedPriority
                0x008006d0        0x1 ./RTOS/tasks.o
 .bss.uxTopReadyPriority
                0x008006d1        0x1 ./RTOS/tasks.o
 .bss.xSchedulerRunning
                0x008006d2        0x1 ./RTOS/tasks.o
 .bss.uxSchedulerSuspended
                0x008006d3        0x1 ./RTOS/tasks.o
 .bss.uxMissedTicks
                0x008006d4        0x1 ./RTOS/tasks.o
 .bss.xMissedYield
                0x008006d5        0x1 ./RTOS/tasks.o
 .bss.xNumOfOverflows
                0x008006d6        0x1 ./RTOS/tasks.o
 .bss.uxTaskNumber
                0x008006d7        0x1 ./RTOS/tasks.o
 .bss.pxReadyTasksLists
                0x008006d8       0x2d ./RTOS/tasks.o
 .bss.xDelayedTaskList1
                0x00800705        0x9 ./RTOS/tasks.o
 .bss.xDelayedTaskList2
                0x0080070e        0x9 ./RTOS/tasks.o
 .bss.pxDelayedTaskList
                0x00800717        0x2 ./RTOS/tasks.o
 .bss.pxOverflowDelayedTaskList
                0x00800719        0x2 ./RTOS/tasks.o
 .bss.xPendingReadyList
                0x0080071b        0x9 ./RTOS/tasks.o
 .bss.xTasksWaitingTermination
                0x00800724        0x9 ./RTOS/tasks.o
 .bss.Sensors   0x0080072d        0x8 ./main.o
                0x0080072d                Sensors
 .bss.password_input
                0x00800735        0x5 ./main.o
 .bss.username_input
                0x0080073a        0x5 ./main.o
 .bss.command   0x0080073f        0x5 ./main.o
 .bss.ca        0x00800744        0x1 ./main.o
 *(COMMON)
                0x00800745                PROVIDE (__bss_end, .)
                0x00006148                __data_load_start = LOADADDR (.data)
                0x0000638e                __data_load_end = (__data_load_start + SIZEOF (.data))

.noinit         0x00800745        0x0
                0x00800745                PROVIDE (__noinit_start, .)
 *(.noinit*)
                0x00800745                PROVIDE (__noinit_end, .)
                0x00800745                _end = .
                0x00800745                PROVIDE (__heap_start, .)

.eeprom         0x00810000        0x0
 *(.eeprom*)
                0x00810000                __eeprom_end = .

.fuse
 *(.fuse)
 *(.lfuse)
 *(.hfuse)
 *(.efuse)

.lock
 *(.lock*)

.signature
 *(.signature*)

.stab           0x00000000     0x7dd0
 *(.stab)
 .stab          0x00000000      0xb40 ./RTOS/croutine.o
 .stab          0x00000b40      0x354 ./RTOS/heap_1.o
                                0x624 (size before relaxing)
 .stab          0x00000e94      0x474 ./RTOS/list.o
                                0x750 (size before relaxing)
 .stab          0x00001308      0x840 ./RTOS/port.o
                                0xb70 (size before relaxing)
 .stab          0x00001b48      0xe94 ./RTOS/queue.o
                               0x11d0 (size before relaxing)
 .stab          0x000029dc     0x1578 ./RTOS/tasks.o
                               0x17d0 (size before relaxing)
 .stab          0x00003f54      0x1c8 ./RTOS/timers.o
                                0x4c8 (size before relaxing)
 .stab          0x0000411c      0x4bc ./MCAL/UART/UART_PROGRAM.o
                                0x4c8 (size before relaxing)
 .stab          0x000045d8      0x48c ./MCAL/Timer/TIMER_PROGRAM.o
                                0x498 (size before relaxing)
 .stab          0x00004a64      0x24c ./MCAL/SPI/SPI_PROGRAM.o
                                0x258 (size before relaxing)
 .stab          0x00004cb0      0x1bc ./MCAL/GIE/GIE_PROGRAM.o
                                0x1c8 (size before relaxing)
 .stab          0x00004e6c      0x228 ./MCAL/EXTI/EXT_INTERRUPT_PROGRAM.o
                                0x234 (size before relaxing)
 .stab          0x00005094      0x4c8 ./MCAL/DIO/DIO_PROGRAM.o
                                0x4d4 (size before relaxing)
 .stab          0x0000555c      0x2a0 ./MCAL/ADC/ADC_PROGRAM.o
                                0x2ac (size before relaxing)
 .stab          0x000057fc      0x2ac ./HAL/SHIFT_REGISTER/SHIFT_REGISTER_PROGRAM.o
                                0x438 (size before relaxing)
 .stab          0x00005aa8      0x24c ./HAL/DC_Motor/DCMOTOR_PROGRAM.o
                                0x258 (size before relaxing)
 .stab          0x00005cf4      0x948 ./HAL/CLCD1602/CLCD_PROGRAM.o
                                0xaec (size before relaxing)
 .stab          0x0000663c      0x33c ./HAL/Buzzer/BUZZER_PROGRAM.o
                                0x504 (size before relaxing)
 .stab          0x00006978     0x1458 ./main.o
                               0x177c (size before relaxing)

.stabstr        0x00000000     0x3d4c
 *(.stabstr)
 .stabstr       0x00000000     0x3d4c ./RTOS/croutine.o

.stab.excl
 *(.stab.excl)

.stab.exclstr
 *(.stab.exclstr)

.stab.index
 *(.stab.index)

.stab.indexstr
 *(.stab.indexstr)

.comment
 *(.comment)

.debug
 *(.debug)

.line
 *(.line)

.debug_srcinfo
 *(.debug_srcinfo)

.debug_sfnames
 *(.debug_sfnames)

.debug_aranges  0x00000000      0x1a0
 *(.debug_aranges)
 .debug_aranges
                0x00000000       0x20 d:/esd/material/avr/imt_sdk_win_64/imt_sdk_win_64/winavr/bin/../lib/gcc/avr/4.3.3/avr5\libgcc.a(_fixunssfsi.o)
 .debug_aranges
                0x00000020       0x20 d:/esd/material/avr/imt_sdk_win_64/imt_sdk_win_64/winavr/bin/../lib/gcc/avr/4.3.3/avr5\libgcc.a(_addsub_sf.o)
 .debug_aranges
                0x00000040       0x20 d:/esd/material/avr/imt_sdk_win_64/imt_sdk_win_64/winavr/bin/../lib/gcc/avr/4.3.3/avr5\libgcc.a(_mul_sf.o)
 .debug_aranges
                0x00000060       0x20 d:/esd/material/avr/imt_sdk_win_64/imt_sdk_win_64/winavr/bin/../lib/gcc/avr/4.3.3/avr5\libgcc.a(_gt_sf.o)
 .debug_aranges
                0x00000080       0x20 d:/esd/material/avr/imt_sdk_win_64/imt_sdk_win_64/winavr/bin/../lib/gcc/avr/4.3.3/avr5\libgcc.a(_ge_sf.o)
 .debug_aranges
                0x000000a0       0x20 d:/esd/material/avr/imt_sdk_win_64/imt_sdk_win_64/winavr/bin/../lib/gcc/avr/4.3.3/avr5\libgcc.a(_lt_sf.o)
 .debug_aranges
                0x000000c0       0x20 d:/esd/material/avr/imt_sdk_win_64/imt_sdk_win_64/winavr/bin/../lib/gcc/avr/4.3.3/avr5\libgcc.a(_si_to_sf.o)
 .debug_aranges
                0x000000e0       0x20 d:/esd/material/avr/imt_sdk_win_64/imt_sdk_win_64/winavr/bin/../lib/gcc/avr/4.3.3/avr5\libgcc.a(_sf_to_si.o)
 .debug_aranges
                0x00000100       0x20 d:/esd/material/avr/imt_sdk_win_64/imt_sdk_win_64/winavr/bin/../lib/gcc/avr/4.3.3/avr5\libgcc.a(_usi_to_sf.o)
 .debug_aranges
                0x00000120       0x20 d:/esd/material/avr/imt_sdk_win_64/imt_sdk_win_64/winavr/bin/../lib/gcc/avr/4.3.3/avr5\libgcc.a(_clzsi2.o)
 .debug_aranges
                0x00000140       0x20 d:/esd/material/avr/imt_sdk_win_64/imt_sdk_win_64/winavr/bin/../lib/gcc/avr/4.3.3/avr5\libgcc.a(_pack_sf.o)
 .debug_aranges
                0x00000160       0x20 d:/esd/material/avr/imt_sdk_win_64/imt_sdk_win_64/winavr/bin/../lib/gcc/avr/4.3.3/avr5\libgcc.a(_unpack_sf.o)
 .debug_aranges
                0x00000180       0x20 d:/esd/material/avr/imt_sdk_win_64/imt_sdk_win_64/winavr/bin/../lib/gcc/avr/4.3.3/avr5\libgcc.a(_fpcmp_parts_sf.o)

.debug_pubnames
                0x00000000      0x1f5
 *(.debug_pubnames)
 .debug_pubnames
                0x00000000       0x23 d:/esd/material/avr/imt_sdk_win_64/imt_sdk_win_64/winavr/bin/../lib/gcc/avr/4.3.3/avr5\libgcc.a(_fixunssfsi.o)
 .debug_pubnames
                0x00000023       0x2c d:/esd/material/avr/imt_sdk_win_64/imt_sdk_win_64/winavr/bin/../lib/gcc/avr/4.3.3/avr5\libgcc.a(_addsub_sf.o)
 .debug_pubnames
                0x0000004f       0x1f d:/esd/material/avr/imt_sdk_win_64/imt_sdk_win_64/winavr/bin/../lib/gcc/avr/4.3.3/avr5\libgcc.a(_mul_sf.o)
 .debug_pubnames
                0x0000006e       0x1e d:/esd/material/avr/imt_sdk_win_64/imt_sdk_win_64/winavr/bin/../lib/gcc/avr/4.3.3/avr5\libgcc.a(_gt_sf.o)
 .debug_pubnames
                0x0000008c       0x1e d:/esd/material/avr/imt_sdk_win_64/imt_sdk_win_64/winavr/bin/../lib/gcc/avr/4.3.3/avr5\libgcc.a(_ge_sf.o)
 .debug_pubnames
                0x000000aa       0x1e d:/esd/material/avr/imt_sdk_win_64/imt_sdk_win_64/winavr/bin/../lib/gcc/avr/4.3.3/avr5\libgcc.a(_lt_sf.o)
 .debug_pubnames
                0x000000c8       0x22 d:/esd/material/avr/imt_sdk_win_64/imt_sdk_win_64/winavr/bin/../lib/gcc/avr/4.3.3/avr5\libgcc.a(_si_to_sf.o)
 .debug_pubnames
                0x000000ea       0x20 d:/esd/material/avr/imt_sdk_win_64/imt_sdk_win_64/winavr/bin/../lib/gcc/avr/4.3.3/avr5\libgcc.a(_sf_to_si.o)
 .debug_pubnames
                0x0000010a       0x22 d:/esd/material/avr/imt_sdk_win_64/imt_sdk_win_64/winavr/bin/../lib/gcc/avr/4.3.3/avr5\libgcc.a(_thenan_sf.o)
 .debug_pubnames
                0x0000012c       0x24 d:/esd/material/avr/imt_sdk_win_64/imt_sdk_win_64/winavr/bin/../lib/gcc/avr/4.3.3/avr5\libgcc.a(_usi_to_sf.o)
 .debug_pubnames
                0x00000150       0x1f d:/esd/material/avr/imt_sdk_win_64/imt_sdk_win_64/winavr/bin/../lib/gcc/avr/4.3.3/avr5\libgcc.a(_clzsi2.o)
 .debug_pubnames
                0x0000016f       0x1f d:/esd/material/avr/imt_sdk_win_64/imt_sdk_win_64/winavr/bin/../lib/gcc/avr/4.3.3/avr5\libgcc.a(_pack_sf.o)
 .debug_pubnames
                0x0000018e       0x21 d:/esd/material/avr/imt_sdk_win_64/imt_sdk_win_64/winavr/bin/../lib/gcc/avr/4.3.3/avr5\libgcc.a(_unpack_sf.o)
 .debug_pubnames
                0x000001af       0x26 d:/esd/material/avr/imt_sdk_win_64/imt_sdk_win_64/winavr/bin/../lib/gcc/avr/4.3.3/avr5\libgcc.a(_fpcmp_parts_sf.o)
 .debug_pubnames
                0x000001d5       0x20 d:/esd/material/avr/imt_sdk_win_64/imt_sdk_win_64/winavr/bin/../lib/gcc/avr/4.3.3/avr5\libgcc.a(_clz.o)

.debug_info     0x00000000     0x2216
 *(.debug_info)
 .debug_info    0x00000000       0xb1 d:/esd/material/avr/imt_sdk_win_64/imt_sdk_win_64/winavr/bin/../lib/gcc/avr/4.3.3/avr5\libgcc.a(_fixunssfsi.o)
 .debug_info    0x000000b1      0x47a d:/esd/material/avr/imt_sdk_win_64/imt_sdk_win_64/winavr/bin/../lib/gcc/avr/4.3.3/avr5\libgcc.a(_addsub_sf.o)
 .debug_info    0x0000052b      0x485 d:/esd/material/avr/imt_sdk_win_64/imt_sdk_win_64/winavr/bin/../lib/gcc/avr/4.3.3/avr5\libgcc.a(_mul_sf.o)
 .debug_info    0x000009b0      0x27f d:/esd/material/avr/imt_sdk_win_64/imt_sdk_win_64/winavr/bin/../lib/gcc/avr/4.3.3/avr5\libgcc.a(_gt_sf.o)
 .debug_info    0x00000c2f      0x27f d:/esd/material/avr/imt_sdk_win_64/imt_sdk_win_64/winavr/bin/../lib/gcc/avr/4.3.3/avr5\libgcc.a(_ge_sf.o)
 .debug_info    0x00000eae      0x27f d:/esd/material/avr/imt_sdk_win_64/imt_sdk_win_64/winavr/bin/../lib/gcc/avr/4.3.3/avr5\libgcc.a(_lt_sf.o)
 .debug_info    0x0000112d      0x207 d:/esd/material/avr/imt_sdk_win_64/imt_sdk_win_64/winavr/bin/../lib/gcc/avr/4.3.3/avr5\libgcc.a(_si_to_sf.o)
 .debug_info    0x00001334      0x2b0 d:/esd/material/avr/imt_sdk_win_64/imt_sdk_win_64/winavr/bin/../lib/gcc/avr/4.3.3/avr5\libgcc.a(_sf_to_si.o)
 .debug_info    0x000015e4      0x12c d:/esd/material/avr/imt_sdk_win_64/imt_sdk_win_64/winavr/bin/../lib/gcc/avr/4.3.3/avr5\libgcc.a(_thenan_sf.o)
 .debug_info    0x00001710      0x206 d:/esd/material/avr/imt_sdk_win_64/imt_sdk_win_64/winavr/bin/../lib/gcc/avr/4.3.3/avr5\libgcc.a(_usi_to_sf.o)
 .debug_info    0x00001916      0x117 d:/esd/material/avr/imt_sdk_win_64/imt_sdk_win_64/winavr/bin/../lib/gcc/avr/4.3.3/avr5\libgcc.a(_clzsi2.o)
 .debug_info    0x00001a2d      0x2df d:/esd/material/avr/imt_sdk_win_64/imt_sdk_win_64/winavr/bin/../lib/gcc/avr/4.3.3/avr5\libgcc.a(_pack_sf.o)
 .debug_info    0x00001d0c      0x251 d:/esd/material/avr/imt_sdk_win_64/imt_sdk_win_64/winavr/bin/../lib/gcc/avr/4.3.3/avr5\libgcc.a(_unpack_sf.o)
 .debug_info    0x00001f5d      0x210 d:/esd/material/avr/imt_sdk_win_64/imt_sdk_win_64/winavr/bin/../lib/gcc/avr/4.3.3/avr5\libgcc.a(_fpcmp_parts_sf.o)
 .debug_info    0x0000216d       0xa9 d:/esd/material/avr/imt_sdk_win_64/imt_sdk_win_64/winavr/bin/../lib/gcc/avr/4.3.3/avr5\libgcc.a(_clz.o)
 *(.gnu.linkonce.wi.*)

.debug_abbrev   0x00000000     0x12b8
 *(.debug_abbrev)
 .debug_abbrev  0x00000000       0x5d d:/esd/material/avr/imt_sdk_win_64/imt_sdk_win_64/winavr/bin/../lib/gcc/avr/4.3.3/avr5\libgcc.a(_fixunssfsi.o)
 .debug_abbrev  0x0000005d      0x1ea d:/esd/material/avr/imt_sdk_win_64/imt_sdk_win_64/winavr/bin/../lib/gcc/avr/4.3.3/avr5\libgcc.a(_addsub_sf.o)
 .debug_abbrev  0x00000247      0x21b d:/esd/material/avr/imt_sdk_win_64/imt_sdk_win_64/winavr/bin/../lib/gcc/avr/4.3.3/avr5\libgcc.a(_mul_sf.o)
 .debug_abbrev  0x00000462      0x15a d:/esd/material/avr/imt_sdk_win_64/imt_sdk_win_64/winavr/bin/../lib/gcc/avr/4.3.3/avr5\libgcc.a(_gt_sf.o)
 .debug_abbrev  0x000005bc      0x15a d:/esd/material/avr/imt_sdk_win_64/imt_sdk_win_64/winavr/bin/../lib/gcc/avr/4.3.3/avr5\libgcc.a(_ge_sf.o)
 .debug_abbrev  0x00000716      0x15a d:/esd/material/avr/imt_sdk_win_64/imt_sdk_win_64/winavr/bin/../lib/gcc/avr/4.3.3/avr5\libgcc.a(_lt_sf.o)
 .debug_abbrev  0x00000870      0x148 d:/esd/material/avr/imt_sdk_win_64/imt_sdk_win_64/winavr/bin/../lib/gcc/avr/4.3.3/avr5\libgcc.a(_si_to_sf.o)
 .debug_abbrev  0x000009b8      0x17f d:/esd/material/avr/imt_sdk_win_64/imt_sdk_win_64/winavr/bin/../lib/gcc/avr/4.3.3/avr5\libgcc.a(_sf_to_si.o)
 .debug_abbrev  0x00000b37       0xad d:/esd/material/avr/imt_sdk_win_64/imt_sdk_win_64/winavr/bin/../lib/gcc/avr/4.3.3/avr5\libgcc.a(_thenan_sf.o)
 .debug_abbrev  0x00000be4      0x157 d:/esd/material/avr/imt_sdk_win_64/imt_sdk_win_64/winavr/bin/../lib/gcc/avr/4.3.3/avr5\libgcc.a(_usi_to_sf.o)
 .debug_abbrev  0x00000d3b       0xc4 d:/esd/material/avr/imt_sdk_win_64/imt_sdk_win_64/winavr/bin/../lib/gcc/avr/4.3.3/avr5\libgcc.a(_clzsi2.o)
 .debug_abbrev  0x00000dff      0x1c0 d:/esd/material/avr/imt_sdk_win_64/imt_sdk_win_64/winavr/bin/../lib/gcc/avr/4.3.3/avr5\libgcc.a(_pack_sf.o)
 .debug_abbrev  0x00000fbf      0x154 d:/esd/material/avr/imt_sdk_win_64/imt_sdk_win_64/winavr/bin/../lib/gcc/avr/4.3.3/avr5\libgcc.a(_unpack_sf.o)
 .debug_abbrev  0x00001113      0x13b d:/esd/material/avr/imt_sdk_win_64/imt_sdk_win_64/winavr/bin/../lib/gcc/avr/4.3.3/avr5\libgcc.a(_fpcmp_parts_sf.o)
 .debug_abbrev  0x0000124e       0x6a d:/esd/material/avr/imt_sdk_win_64/imt_sdk_win_64/winavr/bin/../lib/gcc/avr/4.3.3/avr5\libgcc.a(_clz.o)

.debug_line     0x00000000     0x1136
 *(.debug_line)
 .debug_line    0x00000000       0xa7 d:/esd/material/avr/imt_sdk_win_64/imt_sdk_win_64/winavr/bin/../lib/gcc/avr/4.3.3/avr5\libgcc.a(_fixunssfsi.o)
 .debug_line    0x000000a7      0x2af d:/esd/material/avr/imt_sdk_win_64/imt_sdk_win_64/winavr/bin/../lib/gcc/avr/4.3.3/avr5\libgcc.a(_addsub_sf.o)
 .debug_line    0x00000356      0x239 d:/esd/material/avr/imt_sdk_win_64/imt_sdk_win_64/winavr/bin/../lib/gcc/avr/4.3.3/avr5\libgcc.a(_mul_sf.o)
 .debug_line    0x0000058f       0xd3 d:/esd/material/avr/imt_sdk_win_64/imt_sdk_win_64/winavr/bin/../lib/gcc/avr/4.3.3/avr5\libgcc.a(_gt_sf.o)
 .debug_line    0x00000662       0xd3 d:/esd/material/avr/imt_sdk_win_64/imt_sdk_win_64/winavr/bin/../lib/gcc/avr/4.3.3/avr5\libgcc.a(_ge_sf.o)
 .debug_line    0x00000735       0xd3 d:/esd/material/avr/imt_sdk_win_64/imt_sdk_win_64/winavr/bin/../lib/gcc/avr/4.3.3/avr5\libgcc.a(_lt_sf.o)
 .debug_line    0x00000808      0x135 d:/esd/material/avr/imt_sdk_win_64/imt_sdk_win_64/winavr/bin/../lib/gcc/avr/4.3.3/avr5\libgcc.a(_si_to_sf.o)
 .debug_line    0x0000093d      0x109 d:/esd/material/avr/imt_sdk_win_64/imt_sdk_win_64/winavr/bin/../lib/gcc/avr/4.3.3/avr5\libgcc.a(_sf_to_si.o)
 .debug_line    0x00000a46       0x90 d:/esd/material/avr/imt_sdk_win_64/imt_sdk_win_64/winavr/bin/../lib/gcc/avr/4.3.3/avr5\libgcc.a(_thenan_sf.o)
 .debug_line    0x00000ad6      0x133 d:/esd/material/avr/imt_sdk_win_64/imt_sdk_win_64/winavr/bin/../lib/gcc/avr/4.3.3/avr5\libgcc.a(_usi_to_sf.o)
 .debug_line    0x00000c09       0xa5 d:/esd/material/avr/imt_sdk_win_64/imt_sdk_win_64/winavr/bin/../lib/gcc/avr/4.3.3/avr5\libgcc.a(_clzsi2.o)
 .debug_line    0x00000cae      0x18a d:/esd/material/avr/imt_sdk_win_64/imt_sdk_win_64/winavr/bin/../lib/gcc/avr/4.3.3/avr5\libgcc.a(_pack_sf.o)
 .debug_line    0x00000e38      0x14b d:/esd/material/avr/imt_sdk_win_64/imt_sdk_win_64/winavr/bin/../lib/gcc/avr/4.3.3/avr5\libgcc.a(_unpack_sf.o)
 .debug_line    0x00000f83      0x137 d:/esd/material/avr/imt_sdk_win_64/imt_sdk_win_64/winavr/bin/../lib/gcc/avr/4.3.3/avr5\libgcc.a(_fpcmp_parts_sf.o)
 .debug_line    0x000010ba       0x7c d:/esd/material/avr/imt_sdk_win_64/imt_sdk_win_64/winavr/bin/../lib/gcc/avr/4.3.3/avr5\libgcc.a(_clz.o)

.debug_frame    0x00000000      0x1c0
 *(.debug_frame)
 .debug_frame   0x00000000       0x20 d:/esd/material/avr/imt_sdk_win_64/imt_sdk_win_64/winavr/bin/../lib/gcc/avr/4.3.3/avr5\libgcc.a(_fixunssfsi.o)
 .debug_frame   0x00000020       0x40 d:/esd/material/avr/imt_sdk_win_64/imt_sdk_win_64/winavr/bin/../lib/gcc/avr/4.3.3/avr5\libgcc.a(_addsub_sf.o)
 .debug_frame   0x00000060       0x20 d:/esd/material/avr/imt_sdk_win_64/imt_sdk_win_64/winavr/bin/../lib/gcc/avr/4.3.3/avr5\libgcc.a(_mul_sf.o)
 .debug_frame   0x00000080       0x20 d:/esd/material/avr/imt_sdk_win_64/imt_sdk_win_64/winavr/bin/../lib/gcc/avr/4.3.3/avr5\libgcc.a(_gt_sf.o)
 .debug_frame   0x000000a0       0x20 d:/esd/material/avr/imt_sdk_win_64/imt_sdk_win_64/winavr/bin/../lib/gcc/avr/4.3.3/avr5\libgcc.a(_ge_sf.o)
 .debug_frame   0x000000c0       0x20 d:/esd/material/avr/imt_sdk_win_64/imt_sdk_win_64/winavr/bin/../lib/gcc/avr/4.3.3/avr5\libgcc.a(_lt_sf.o)
 .debug_frame   0x000000e0       0x20 d:/esd/material/avr/imt_sdk_win_64/imt_sdk_win_64/winavr/bin/../lib/gcc/avr/4.3.3/avr5\libgcc.a(_si_to_sf.o)
 .debug_frame   0x00000100       0x20 d:/esd/material/avr/imt_sdk_win_64/imt_sdk_win_64/winavr/bin/../lib/gcc/avr/4.3.3/avr5\libgcc.a(_sf_to_si.o)
 .debug_frame   0x00000120       0x20 d:/esd/material/avr/imt_sdk_win_64/imt_sdk_win_64/winavr/bin/../lib/gcc/avr/4.3.3/avr5\libgcc.a(_usi_to_sf.o)
 .debug_frame   0x00000140       0x20 d:/esd/material/avr/imt_sdk_win_64/imt_sdk_win_64/winavr/bin/../lib/gcc/avr/4.3.3/avr5\libgcc.a(_clzsi2.o)
 .debug_frame   0x00000160       0x20 d:/esd/material/avr/imt_sdk_win_64/imt_sdk_win_64/winavr/bin/../lib/gcc/avr/4.3.3/avr5\libgcc.a(_pack_sf.o)
 .debug_frame   0x00000180       0x20 d:/esd/material/avr/imt_sdk_win_64/imt_sdk_win_64/winavr/bin/../lib/gcc/avr/4.3.3/avr5\libgcc.a(_unpack_sf.o)
 .debug_frame   0x000001a0       0x20 d:/esd/material/avr/imt_sdk_win_64/imt_sdk_win_64/winavr/bin/../lib/gcc/avr/4.3.3/avr5\libgcc.a(_fpcmp_parts_sf.o)

.debug_str      0x00000000      0x2d2
 *(.debug_str)
 .debug_str     0x00000000       0xbf d:/esd/material/avr/imt_sdk_win_64/imt_sdk_win_64/winavr/bin/../lib/gcc/avr/4.3.3/avr5\libgcc.a(_fixunssfsi.o)
                                 0xfe (size before relaxing)
 .debug_str     0x000000bf      0x14d d:/esd/material/avr/imt_sdk_win_64/imt_sdk_win_64/winavr/bin/../lib/gcc/avr/4.3.3/avr5\libgcc.a(_addsub_sf.o)
                                0x206 (size before relaxing)
 .debug_str     0x0000020c       0x27 d:/esd/material/avr/imt_sdk_win_64/imt_sdk_win_64/winavr/bin/../lib/gcc/avr/4.3.3/avr5\libgcc.a(_mul_sf.o)
                                0x1bf (size before relaxing)
 .debug_str     0x00000233        0x8 d:/esd/material/avr/imt_sdk_win_64/imt_sdk_win_64/winavr/bin/../lib/gcc/avr/4.3.3/avr5\libgcc.a(_gt_sf.o)
                                0x195 (size before relaxing)
 .debug_str     0x0000023b        0x8 d:/esd/material/avr/imt_sdk_win_64/imt_sdk_win_64/winavr/bin/../lib/gcc/avr/4.3.3/avr5\libgcc.a(_ge_sf.o)
                                0x195 (size before relaxing)
 .debug_str     0x00000243        0x8 d:/esd/material/avr/imt_sdk_win_64/imt_sdk_win_64/winavr/bin/../lib/gcc/avr/4.3.3/avr5\libgcc.a(_lt_sf.o)
                                0x195 (size before relaxing)
 .debug_str     0x0000024b       0x1e d:/esd/material/avr/imt_sdk_win_64/imt_sdk_win_64/winavr/bin/../lib/gcc/avr/4.3.3/avr5\libgcc.a(_si_to_sf.o)
                                0x17b (size before relaxing)
 .debug_str     0x00000269        0xa d:/esd/material/avr/imt_sdk_win_64/imt_sdk_win_64/winavr/bin/../lib/gcc/avr/4.3.3/avr5\libgcc.a(_sf_to_si.o)
                                0x19e (size before relaxing)
 .debug_str     0x00000000      0x103 d:/esd/material/avr/imt_sdk_win_64/imt_sdk_win_64/winavr/bin/../lib/gcc/avr/4.3.3/avr5\libgcc.a(_thenan_sf.o)
 .debug_str     0x00000273       0x14 d:/esd/material/avr/imt_sdk_win_64/imt_sdk_win_64/winavr/bin/../lib/gcc/avr/4.3.3/avr5\libgcc.a(_usi_to_sf.o)
                                0x177 (size before relaxing)
 .debug_str     0x00000287       0x20 d:/esd/material/avr/imt_sdk_win_64/imt_sdk_win_64/winavr/bin/../lib/gcc/avr/4.3.3/avr5\libgcc.a(_clzsi2.o)
                                0x111 (size before relaxing)
 .debug_str     0x000002a7       0x10 d:/esd/material/avr/imt_sdk_win_64/imt_sdk_win_64/winavr/bin/../lib/gcc/avr/4.3.3/avr5\libgcc.a(_pack_sf.o)
                                0x19d (size before relaxing)
 .debug_str     0x000002b7        0xb d:/esd/material/avr/imt_sdk_win_64/imt_sdk_win_64/winavr/bin/../lib/gcc/avr/4.3.3/avr5\libgcc.a(_unpack_sf.o)
                                0x17f (size before relaxing)
 .debug_str     0x000002c2       0x10 d:/esd/material/avr/imt_sdk_win_64/imt_sdk_win_64/winavr/bin/../lib/gcc/avr/4.3.3/avr5\libgcc.a(_fpcmp_parts_sf.o)
                                0x163 (size before relaxing)
 .debug_str     0x00000000       0xf4 d:/esd/material/avr/imt_sdk_win_64/imt_sdk_win_64/winavr/bin/../lib/gcc/avr/4.3.3/avr5\libgcc.a(_clz.o)

.debug_loc      0x00000000      0x95a
 *(.debug_loc)
 .debug_loc     0x00000000       0x34 d:/esd/material/avr/imt_sdk_win_64/imt_sdk_win_64/winavr/bin/../lib/gcc/avr/4.3.3/avr5\libgcc.a(_fixunssfsi.o)
 .debug_loc     0x00000034      0x32a d:/esd/material/avr/imt_sdk_win_64/imt_sdk_win_64/winavr/bin/../lib/gcc/avr/4.3.3/avr5\libgcc.a(_addsub_sf.o)
 .debug_loc     0x0000035e      0x104 d:/esd/material/avr/imt_sdk_win_64/imt_sdk_win_64/winavr/bin/../lib/gcc/avr/4.3.3/avr5\libgcc.a(_mul_sf.o)
 .debug_loc     0x00000462       0x3c d:/esd/material/avr/imt_sdk_win_64/imt_sdk_win_64/winavr/bin/../lib/gcc/avr/4.3.3/avr5\libgcc.a(_gt_sf.o)
 .debug_loc     0x0000049e       0x3c d:/esd/material/avr/imt_sdk_win_64/imt_sdk_win_64/winavr/bin/../lib/gcc/avr/4.3.3/avr5\libgcc.a(_ge_sf.o)
 .debug_loc     0x000004da       0x3c d:/esd/material/avr/imt_sdk_win_64/imt_sdk_win_64/winavr/bin/../lib/gcc/avr/4.3.3/avr5\libgcc.a(_lt_sf.o)
 .debug_loc     0x00000516       0xac d:/esd/material/avr/imt_sdk_win_64/imt_sdk_win_64/winavr/bin/../lib/gcc/avr/4.3.3/avr5\libgcc.a(_si_to_sf.o)
 .debug_loc     0x000005c2       0x7e d:/esd/material/avr/imt_sdk_win_64/imt_sdk_win_64/winavr/bin/../lib/gcc/avr/4.3.3/avr5\libgcc.a(_sf_to_si.o)
 .debug_loc     0x00000640       0x4c d:/esd/material/avr/imt_sdk_win_64/imt_sdk_win_64/winavr/bin/../lib/gcc/avr/4.3.3/avr5\libgcc.a(_usi_to_sf.o)
 .debug_loc     0x0000068c       0x94 d:/esd/material/avr/imt_sdk_win_64/imt_sdk_win_64/winavr/bin/../lib/gcc/avr/4.3.3/avr5\libgcc.a(_clzsi2.o)
 .debug_loc     0x00000720      0x13e d:/esd/material/avr/imt_sdk_win_64/imt_sdk_win_64/winavr/bin/../lib/gcc/avr/4.3.3/avr5\libgcc.a(_pack_sf.o)
 .debug_loc     0x0000085e       0xac d:/esd/material/avr/imt_sdk_win_64/imt_sdk_win_64/winavr/bin/../lib/gcc/avr/4.3.3/avr5\libgcc.a(_unpack_sf.o)
 .debug_loc     0x0000090a       0x50 d:/esd/material/avr/imt_sdk_win_64/imt_sdk_win_64/winavr/bin/../lib/gcc/avr/4.3.3/avr5\libgcc.a(_fpcmp_parts_sf.o)

.debug_macinfo
 *(.debug_macinfo)
OUTPUT(jk.elf elf32-avr)
LOAD linker stubs

.debug_ranges   0x00000000       0x50
 .debug_ranges  0x00000000       0x50 d:/esd/material/avr/imt_sdk_win_64/imt_sdk_win_64/winavr/bin/../lib/gcc/avr/4.3.3/avr5\libgcc.a(_mul_sf.o)
